Archive member included because of file (symbol)

/home/lucas/Software/gcc-arm-none-eabi-4_8-2014q2/bin/../lib/gcc/arm-none-eabi/4.8.4/armv7e-m/fpu/libgcc.a(_arm_addsubdf3.o)
                              build/py/binary.o (__aeabi_i2d)
/home/lucas/Software/gcc-arm-none-eabi-4_8-2014q2/bin/../lib/gcc/arm-none-eabi/4.8.4/armv7e-m/fpu/libgcc.a(_arm_truncdfsf2.o)
                              build/py/mpprint.o (__aeabi_d2f)
/home/lucas/Software/gcc-arm-none-eabi-4_8-2014q2/bin/../lib/gcc/arm-none-eabi/4.8.4/armv7e-m/fpu/libgcc.a(_aeabi_uldivmod.o)
                              build/lpc_chip_43xx/src/i2s_18xx_43xx.o (__aeabi_uldivmod)
/home/lucas/Software/gcc-arm-none-eabi-4_8-2014q2/bin/../lib/gcc/arm-none-eabi/4.8.4/armv7e-m/fpu/libgcc.a(bpabi.o)
                              /home/lucas/Software/gcc-arm-none-eabi-4_8-2014q2/bin/../lib/gcc/arm-none-eabi/4.8.4/armv7e-m/fpu/libgcc.a(_aeabi_uldivmod.o) (__gnu_uldivmod_helper)
/home/lucas/Software/gcc-arm-none-eabi-4_8-2014q2/bin/../lib/gcc/arm-none-eabi/4.8.4/armv7e-m/fpu/libgcc.a(_dvmd_tls.o)
                              /home/lucas/Software/gcc-arm-none-eabi-4_8-2014q2/bin/../lib/gcc/arm-none-eabi/4.8.4/armv7e-m/fpu/libgcc.a(_aeabi_uldivmod.o) (__aeabi_ldiv0)
/home/lucas/Software/gcc-arm-none-eabi-4_8-2014q2/bin/../lib/gcc/arm-none-eabi/4.8.4/armv7e-m/fpu/libgcc.a(_divdi3.o)
                              /home/lucas/Software/gcc-arm-none-eabi-4_8-2014q2/bin/../lib/gcc/arm-none-eabi/4.8.4/armv7e-m/fpu/libgcc.a(bpabi.o) (__divdi3)
/home/lucas/Software/gcc-arm-none-eabi-4_8-2014q2/bin/../lib/gcc/arm-none-eabi/4.8.4/armv7e-m/fpu/libgcc.a(_udivdi3.o)
                              /home/lucas/Software/gcc-arm-none-eabi-4_8-2014q2/bin/../lib/gcc/arm-none-eabi/4.8.4/armv7e-m/fpu/libgcc.a(bpabi.o) (__udivdi3)
/home/lucas/Software/gcc-arm-none-eabi-4_8-2014q2/bin/../lib/gcc/arm-none-eabi/4.8.4/../../../../arm-none-eabi/lib/armv7e-m/fpu/libc.a(lib_a-memcmp.o)
                              build/py/qstr.o (memcmp)
/home/lucas/Software/gcc-arm-none-eabi-4_8-2014q2/bin/../lib/gcc/arm-none-eabi/4.8.4/../../../../arm-none-eabi/lib/armv7e-m/fpu/libc.a(lib_a-memcpy.o)
                              build/py/gc.o (memcpy)
/home/lucas/Software/gcc-arm-none-eabi-4_8-2014q2/bin/../lib/gcc/arm-none-eabi/4.8.4/../../../../arm-none-eabi/lib/armv7e-m/fpu/libc.a(lib_a-memmove.o)
                              build/py/vstr.o (memmove)
/home/lucas/Software/gcc-arm-none-eabi-4_8-2014q2/bin/../lib/gcc/arm-none-eabi/4.8.4/../../../../arm-none-eabi/lib/armv7e-m/fpu/libc.a(lib_a-memset.o)
                              build/py/malloc.o (memset)
/home/lucas/Software/gcc-arm-none-eabi-4_8-2014q2/bin/../lib/gcc/arm-none-eabi/4.8.4/../../../../arm-none-eabi/lib/armv7e-m/fpu/libc.a(lib_a-printf.o)
                              build/py/../extmod/modure.o (printf)
/home/lucas/Software/gcc-arm-none-eabi-4_8-2014q2/bin/../lib/gcc/arm-none-eabi/4.8.4/../../../../arm-none-eabi/lib/armv7e-m/fpu/libc.a(lib_a-putchar.o)
                              build/py/../extmod/modure.o (putchar)
/home/lucas/Software/gcc-arm-none-eabi-4_8-2014q2/bin/../lib/gcc/arm-none-eabi/4.8.4/../../../../arm-none-eabi/lib/armv7e-m/fpu/libc.a(lib_a-puts.o)
                              build/py/../extmod/modure.o (puts)
/home/lucas/Software/gcc-arm-none-eabi-4_8-2014q2/bin/../lib/gcc/arm-none-eabi/4.8.4/../../../../arm-none-eabi/lib/armv7e-m/fpu/libc.a(lib_a-sf_fpclassify.o)
                              build/py/objcomplex.o (__fpclassifyf)
/home/lucas/Software/gcc-arm-none-eabi-4_8-2014q2/bin/../lib/gcc/arm-none-eabi/4.8.4/../../../../arm-none-eabi/lib/armv7e-m/fpu/libc.a(lib_a-sf_frexp.o)
                              build/py/modmath.o (frexpf)
/home/lucas/Software/gcc-arm-none-eabi-4_8-2014q2/bin/../lib/gcc/arm-none-eabi/4.8.4/../../../../arm-none-eabi/lib/armv7e-m/fpu/libc.a(lib_a-sf_ldexp.o)
                              build/py/modmath.o (ldexpf)
/home/lucas/Software/gcc-arm-none-eabi-4_8-2014q2/bin/../lib/gcc/arm-none-eabi/4.8.4/../../../../arm-none-eabi/lib/armv7e-m/fpu/libc.a(lib_a-sf_modf.o)
                              build/py/modmath.o (modff)
/home/lucas/Software/gcc-arm-none-eabi-4_8-2014q2/bin/../lib/gcc/arm-none-eabi/4.8.4/../../../../arm-none-eabi/lib/armv7e-m/fpu/libc.a(lib_a-sf_scalbn.o)
                              /home/lucas/Software/gcc-arm-none-eabi-4_8-2014q2/bin/../lib/gcc/arm-none-eabi/4.8.4/../../../../arm-none-eabi/lib/armv7e-m/fpu/libc.a(lib_a-sf_ldexp.o) (scalbnf)
/home/lucas/Software/gcc-arm-none-eabi-4_8-2014q2/bin/../lib/gcc/arm-none-eabi/4.8.4/../../../../arm-none-eabi/lib/armv7e-m/fpu/libc.a(lib_a-snprintf.o)
                              build/lib/mp-readline/readline.o (snprintf)
/home/lucas/Software/gcc-arm-none-eabi-4_8-2014q2/bin/../lib/gcc/arm-none-eabi/4.8.4/../../../../arm-none-eabi/lib/armv7e-m/fpu/libc.a(lib_a-strchr.o)
                              build/py/objexcept.o (strchr)
[...]
Memory Configuration

Name             Origin             Length             Attributes
MFlashA512       0x1a000000         0x00080000         xr
MFlashB512       0x1b000000         0x00080000         xr
RamLoc32         0x10000000         0x00008000         xrw
RamLoc40         0x10080000         0x0000a000         xrw
RamAHB32         0x20000000         0x00008000         xrw
RamAHB16         0x20008000         0x00004000         xrw
RamAHB_ETB16     0x2000c000         0x00004000         xrw
*default*        0x00000000         0xffffffff

Linker script and memory map

LOAD build/py/mpstate.o
LOAD build/py/nlrx86.o
LOAD build/py/nlrx64.o
LOAD build/py/nlrthumb.o
LOAD build/py/nlrxtensa.o
LOAD build/py/nlrsetjmp.o
LOAD build/py/malloc.o
LOAD build/py/gc.o
LOAD build/py/qstr.o
LOAD build/py/vstr.o
LOAD build/py/mpprint.o
LOAD build/py/unicode.o
LOAD build/py/mpz.o
LOAD build/py/lexer.o
LOAD build/py/lexerstr.o
LOAD build/py/lexerunix.o
LOAD build/py/parse.o
LOAD build/py/scope.o
LOAD build/py/compile.o
LOAD build/py/emitcommon.o
LOAD build/py/emitbc.o
LOAD build/py/asmx64.o
LOAD build/py/emitnx64.o
LOAD build/py/asmx86.o
LOAD build/py/emitnx86.o
LOAD build/py/asmthumb.o
LOAD build/py/emitnthumb.o
LOAD build/py/emitinlinethumb.o
LOAD build/py/asmarm.o
LOAD build/py/emitnarm.o
LOAD build/py/formatfloat.o
LOAD build/py/parsenumbase.o
LOAD build/py/parsenum.o
LOAD build/py/emitglue.o
LOAD build/py/runtime.o
LOAD build/py/nativeglue.o
LOAD build/py/stackctrl.o
LOAD build/py/argcheck.o
LOAD build/py/warning.o
LOAD build/py/map.o
LOAD build/py/obj.o
LOAD build/py/objarray.o
LOAD build/py/objattrtuple.o
LOAD build/py/objbool.o
LOAD build/py/objboundmeth.o
LOAD build/py/objcell.o
LOAD build/py/objclosure.o
LOAD build/py/objcomplex.o
LOAD build/py/objdict.o
LOAD build/py/objenumerate.o
LOAD build/py/objexcept.o
LOAD build/py/objfilter.o
LOAD build/py/objfloat.o
LOAD build/py/objfun.o
LOAD build/py/objgenerator.o
LOAD build/py/objgetitemiter.o
LOAD build/py/objint.o
LOAD build/py/objint_longlong.o
LOAD build/py/objint_mpz.o
LOAD build/py/objlist.o
LOAD build/py/objmap.o
LOAD build/py/objmodule.o
LOAD build/py/objobject.o
LOAD build/py/objpolyiter.o
LOAD build/py/objproperty.o
LOAD build/py/objnone.o
LOAD build/py/objnamedtuple.o
LOAD build/py/objrange.o
LOAD build/py/objreversed.o
LOAD build/py/objset.o
LOAD build/py/objsingleton.o
LOAD build/py/objslice.o
LOAD build/py/objstr.o
LOAD build/py/objstrunicode.o
LOAD build/py/objstringio.o
LOAD build/py/objtuple.o
LOAD build/py/objtype.o
LOAD build/py/objzip.o
LOAD build/py/opmethods.o
LOAD build/py/sequence.o
LOAD build/py/stream.o
LOAD build/py/binary.o
LOAD build/py/builtinimport.o
LOAD build/py/builtinevex.o
LOAD build/py/modarray.o
LOAD build/py/modbuiltins.o
LOAD build/py/modcollections.o
LOAD build/py/modgc.o
LOAD build/py/modio.o
LOAD build/py/modmath.o
LOAD build/py/modcmath.o
LOAD build/py/modmicropython.o
LOAD build/py/modstruct.o
LOAD build/py/modsys.o
LOAD build/py/vm.o
LOAD build/py/bc.o
LOAD build/py/showbc.o
LOAD build/py/repl.o
LOAD build/py/smallint.o
LOAD build/py/frozenmod.o
LOAD build/py/../extmod/moductypes.o
LOAD build/py/../extmod/modujson.o
LOAD build/py/../extmod/modure.o
LOAD build/py/../extmod/moduzlib.o
LOAD build/py/../extmod/moduheapq.o
LOAD build/py/../extmod/moduhashlib.o
LOAD build/py/../extmod/modubinascii.o
LOAD build/py/../extmod/machine_mem.o
LOAD build/py/../extmod/modussl.o
LOAD build/py/../extmod/fsusermount.o
LOAD build/py/../extmod/moduos_dupterm.o
LOAD build/main.o
LOAD build/sysinit.o
LOAD build/system.o
LOAD build/cr_startup_lpc43xx.o
LOAD build/ciaanxp_mphal.o
LOAD build/ciaa_help.o
LOAD build/bootSys.o
LOAD build/lpc43_diskio.o
LOAD build/lpc43_flash.o
LOAD build/lpc43_storage.o
LOAD build/ffconf.o
LOAD build/moduos.o
LOAD build/modutime.o
LOAD build/modpyb.o
LOAD build/modpybled.o
LOAD build/modpybswitch.o
LOAD build/modpybuart.o
LOAD build/modpybpin.o
LOAD build/modpybextint.o
LOAD build/modpybdac.o
LOAD build/modpybtimer.o
LOAD build/modpybpwm.o
LOAD build/modpybadc.o
LOAD build/modpybkeyboard.o
LOAD build/modpyblcd44780u.o
LOAD build/modpybeeprom.o
LOAD build/modpybspi.o
LOAD build/modpybrtc.o
LOAD build/modpybi2c.o
LOAD build/lib/fatfs/ff.o
LOAD build/lib/fatfs/option/ccsbcs.o
LOAD build/lib/mp-readline/readline.o
LOAD build/lib/timeutils/timeutils.o
LOAD build/lib/utils/pyexec.o
LOAD build/stmhal/file.o
LOAD build/stmhal/import.o
LOAD build/stmhal/input.o
LOAD build/stmhal/lexerfatfs.o
LOAD build/stmhal/pybstdio.o
LOAD build/stmhal/bufhelper.o
LOAD build/lpc_chip_43xx/src/adc_18xx_43xx.o
LOAD build/lpc_chip_43xx/src/aes_18xx_43xx.o
LOAD build/lpc_chip_43xx/src/atimer_18xx_43xx.o
LOAD build/lpc_chip_43xx/src/ccan_18xx_43xx.o
LOAD build/lpc_chip_43xx/src/chip_18xx_43xx.o
LOAD build/lpc_chip_43xx/src/clock_18xx_43xx.o
LOAD build/lpc_chip_43xx/src/dac_18xx_43xx.o
LOAD build/lpc_chip_43xx/src/eeprom_18xx_43xx.o
LOAD build/lpc_chip_43xx/src/emc_18xx_43xx.o
LOAD build/lpc_chip_43xx/src/enet_18xx_43xx.o
LOAD build/lpc_chip_43xx/src/evrt_18xx_43xx.o
LOAD build/lpc_chip_43xx/src/fpu_init.o
LOAD build/lpc_chip_43xx/src/gpdma_18xx_43xx.o
LOAD build/lpc_chip_43xx/src/gpio_18xx_43xx.o
LOAD build/lpc_chip_43xx/src/gpiogroup_18xx_43xx.o
LOAD build/lpc_chip_43xx/src/hsadc_18xx_43xx.o
LOAD build/lpc_chip_43xx/src/i2c_18xx_43xx.o
LOAD build/lpc_chip_43xx/src/i2cm_18xx_43xx.o
LOAD build/lpc_chip_43xx/src/i2s_18xx_43xx.o
LOAD build/lpc_chip_43xx/src/iap_18xx_43xx.o
LOAD build/lpc_chip_43xx/src/lcd_18xx_43xx.o
LOAD build/lpc_chip_43xx/src/otp_18xx_43xx.o
LOAD build/lpc_chip_43xx/src/pinint_18xx_43xx.o
LOAD build/lpc_chip_43xx/src/pmc_18xx_43xx.o
LOAD build/lpc_chip_43xx/src/ring_buffer.o
LOAD build/lpc_chip_43xx/src/ritimer_18xx_43xx.o
LOAD build/lpc_chip_43xx/src/rtc_18xx_43xx.o
LOAD build/lpc_chip_43xx/src/sct_18xx_43xx.o
LOAD build/lpc_chip_43xx/src/sct_pwm_18xx_43xx.o
LOAD build/lpc_chip_43xx/src/sdif_18xx_43xx.o
LOAD build/lpc_chip_43xx/src/sdio_18xx_43xx.o
LOAD build/lpc_chip_43xx/src/sdmmc_18xx_43xx.o
LOAD build/lpc_chip_43xx/src/spi_18xx_43xx.o
LOAD build/lpc_chip_43xx/src/ssp_18xx_43xx.o
LOAD build/lpc_chip_43xx/src/stopwatch_18xx_43xx.o
LOAD build/lpc_chip_43xx/src/sysinit_18xx_43xx.o
LOAD build/lpc_chip_43xx/src/timer_18xx_43xx.o
LOAD build/lpc_chip_43xx/src/uart_18xx_43xx.o
LOAD build/lpc_chip_43xx/src/wwdt_18xx_43xx.o
LOAD build/board_ciaa_edu_4337/src/board.o
LOAD build/board_ciaa_edu_4337/src/board_sysinit.o
LOAD build/board_ciaa_edu_4337/src/crp.o
LOAD build/board_ciaa_edu_4337/src/lpc_phy_smsc87x0.o
LOAD build/board_ciaa_edu_4337/src/ponchos/LCD4Bit.o
LOAD build/board_ciaa_edu_4337/src/ponchos/poncho_ui.o
LOAD build/frozen-files.o
START GROUP
LOAD /home/lucas/Software/gcc-arm-none-eabi-4_8-2014q2/bin/../lib/gcc/arm-none-eabi/4.8.4/armv7e-m/fpu/libgcc.a
LOAD /home/lucas/Software/gcc-arm-none-eabi-4_8-2014q2/bin/../lib/gcc/arm-none-eabi/4.8.4/../../../../arm-none-eabi/lib/armv7e-m/fpu/libc.a
LOAD /home/lucas/Software/gcc-arm-none-eabi-4_8-2014q2/bin/../lib/gcc/arm-none-eabi/4.8.4/../../../../arm-none-eabi/lib/armv7e-m/fpu/libm.a
END GROUP
                0x1a080000                __top_MFlashA512 = 0x1a080000
                0x1b080000                __top_MFlashB512 = 0x1b080000
                0x10008000                __top_RamLoc32 = 0x10008000
                0x1008a000                __top_RamLoc40 = 0x1008a000
                0x20008000                __top_RamAHB32 = 0x20008000
                0x2000c000                __top_RamAHB16 = 0x2000c000
                0x20010000                __top_RamAHB_ETB16 = 0x20010000

.text_Flash2    0x1b000000        0x0
 FILL mask 0xff
 *(.text_Flash2*)
 *(.text_MFlashB512*)
 *(.text.$Flash2*)
 *(.text.$MFlashB512*)
 *(.rodata.$Flash2*)
 *(.rodata.$MFlashB512*)

.text           0x1a000000    0x43a18
 FILL mask 0xff
                0x1a000000                __vectors_start__ = ABSOLUTE (.)
 *(.isr_vector)
 .isr_vector    0x1a000000      0x114 build/cr_startup_lpc43xx.o
                0x1a000000                g_pfnVectors
                0x1a000114                . = ALIGN (0x4)
                0x1a000114                __section_table_start = .
                0x1a000114                __data_section_table = .
                0x1a000114        0x4 LONG 0x1a043a20 LOADADDR (.data)
                0x1a000118        0x4 LONG 0x10000000 ADDR (.data)
                0x1a00011c        0x4 LONG 0x1a90 SIZEOF (.data)
                0x1a000120        0x4 LONG 0x1a043a20 LOADADDR (.data_RAM2)
                0x1a000124        0x4 LONG 0x10080000 ADDR (.data_RAM2)
                0x1a000128        0x4 LONG 0x0 SIZEOF (.data_RAM2)
                0x1a00012c        0x4 LONG 0x1a043a20 LOADADDR (.data_RAM3)
                0x1a000130        0x4 LONG 0x20000000 ADDR (.data_RAM3)
                0x1a000134        0x4 LONG 0x0 SIZEOF (.data_RAM3)
                0x1a000138        0x4 LONG 0x1a043a20 LOADADDR (.data_RAM4)
                0x1a00013c        0x4 LONG 0x20008000 ADDR (.data_RAM4)
                0x1a000140        0x4 LONG 0x0 SIZEOF (.data_RAM4)
                0x1a000144        0x4 LONG 0x1a043a20 LOADADDR (.data_RAM5)
                0x1a000148        0x4 LONG 0x2000c000 ADDR (.data_RAM5)
                0x1a00014c        0x4 LONG 0x0 SIZEOF (.data_RAM5)
                0x1a000150                __data_section_table_end = .
                0x1a000150                __bss_section_table = .
                0x1a000150        0x4 LONG 0x10001a90 ADDR (.bss)
                0x1a000154        0x4 LONG 0x2f14 SIZEOF (.bss)
                0x1a000158        0x4 LONG 0x10080000 ADDR (.bss_RAM2)
                0x1a00015c        0x4 LONG 0x0 SIZEOF (.bss_RAM2)
                0x1a000160        0x4 LONG 0x20000000 ADDR (.bss_RAM3)
                0x1a000164        0x4 LONG 0x0 SIZEOF (.bss_RAM3)
                0x1a000168        0x4 LONG 0x20008000 ADDR (.bss_RAM4)
                0x1a00016c        0x4 LONG 0x0 SIZEOF (.bss_RAM4)
                0x1a000170        0x4 LONG 0x2000c000 ADDR (.bss_RAM5)
                0x1a000174        0x4 LONG 0x0 SIZEOF (.bss_RAM5)
                0x1a000178                __bss_section_table_end = .
                0x1a000178                __section_table_end = .
 *(.after_vectors*)
 .after_vectors
                0x1a000178       0x36 build/cr_startup_lpc43xx.o
                0x1a000178                NMI_Handler
                0x1a00017a                HardFault_Handler
                0x1a00017c                MemManage_Handler
                0x1a00017e                BusFault_Handler
                0x1a000180                UsageFault_Handler
                0x1a000182                SVC_Handler
                0x1a000184                DebugMon_Handler
                0x1a000186                PendSV_Handler
                0x1a00018a                RIT_IRQHandler
                0x1a00018a                ADCHS_IRQHandler
                0x1a00018a                FLASH_EEPROM_IRQHandler
                0x1a00018a                I2C0_IRQHandler
                0x1a00018a                SDIO_IRQHandler
                0x1a00018a                ATIMER_IRQHandler
                0x1a00018a                I2C1_IRQHandler
                0x1a00018a                UART1_IRQHandler
                0x1a00018a                CAN1_IRQHandler
                0x1a00018a                USB1_IRQHandler
                0x1a00018a                I2S0_IRQHandler
                0x1a00018a                SGPIO_IRQHandler
                0x1a00018a                IntDefaultHandler
                0x1a00018a                SSP0_IRQHandler
                0x1a00018a                ADC1_IRQHandler
                0x1a00018a                SPI_IRQHandler
                0x1a00018a                LCD_IRQHandler
                0x1a00018a                UART2_IRQHandler
                0x1a00018a                I2S1_IRQHandler
                0x1a00018a                SSP1_IRQHandler
                0x1a00018a                USB0_IRQHandler
                0x1a00018a                SCT_IRQHandler
                0x1a00018a                WDT_IRQHandler
                0x1a00018a                SPIFI_IRQHandler
                0x1a00018a                QEI_IRQHandler
                0x1a00018a                ETH_IRQHandler
                0x1a00018a                CAN0_IRQHandler
                0x1a00018a                GINT0_IRQHandler
                0x1a00018a                DAC_IRQHandler
                0x1a00018a                M0SUB_IRQHandler
                0x1a00018a                EVRT_IRQHandler
                0x1a00018a                MCPWM_IRQHandler
                0x1a00018a                M0APP_IRQHandler
                0x1a00018a                GINT1_IRQHandler
                0x1a00018c                data_init
                0x1a00019e                bss_init
                0x000002fc                . = 0x2fc
 *fill*         0x1a0001ae      0x14e ff
                0x1a0002fc                PROVIDE (__CRP_WORD_START__, .)
 *(.crp)
 .crp           0x1a0002fc        0x4 build/board_ciaa_edu_4337/src/crp.o
                0x1a0002fc                CRP_WORD
                0x1a000300                PROVIDE (__CRP_WORD_END__, .)
                0x00000001                ASSERT (! ((__CRP_WORD_START__ == __CRP_WORD_END__)), Linker CRP Enabled, but no CRP_WORD provided within application)
 *(.text*)
 .text          0x1a000300        0x0 build/py/mpstate.o
 .text          0x1a000300        0x0 build/py/nlrx86.o
 .text          0x1a000300        0x0 build/py/nlrx64.o
 .text          0x1a000300       0x70 build/py/nlrthumb.o
                0x1a000300                nlr_push
                0x1a00032c                nlr_pop
                0x1a000336                nlr_jump
 .text          0x1a000370        0x0 build/py/nlrxtensa.o
 .text          0x1a000370        0x0 build/py/nlrsetjmp.o
 .text          0x1a000370       0x68 build/py/malloc.o
                0x1a000370                m_malloc
                0x1a00038a                m_malloc_maybe
                0x1a000390                m_malloc0
                0x1a0003b6                m_realloc
                0x1a0003d0                m_realloc_maybe
                0x1a0003d4                m_free
 .text          0x1a0003d8      0x9ac build/py/gc.o
                0x1a0004b8                gc_init
                0x1a000500                gc_lock
                0x1a000514                gc_unlock
                0x1a000528                gc_is_locked
                0x1a00053c                gc_collect_start
                0x1a0005d8                gc_collect_root
                0x1a000660                gc_collect_end
                0x1a000754                gc_info
                0x1a000808                gc_alloc
                0x1a000944                gc_free
                0x1a0009d0                gc_nbytes
                0x1a000a40                gc_realloc
                0x1a000bd4                gc_dump_info
                0x1a000c10                gc_dump_alloc_table
 .text          0x1a000d84      0x2d8 build/py/qstr.o
                0x1a000df4                qstr_compute_hash
                0x1a000e14                qstr_init
                0x1a000e2c                qstr_find_strn
                0x1a000e90                qstr_from_strn
                0x1a000f54                qstr_from_str
                0x1a000f68                qstr_build_start
                0x1a000f7e                qstr_build_end
                0x1a000fb4                qstr_hash
                0x1a000fbe                qstr_len
                0x1a000fc8                qstr_str
                0x1a000fd2                qstr_data
                0x1a000fe2                qstr_pool_info
 .text          0x1a00105c      0x3ac build/py/vstr.o
                0x1a00109c                vstr_add_strn
                0x1a001118                vstr_init
                0x1a001146                vstr_init_len
                0x1a001156                vstr_init_fixed_buf
                0x1a00116c                vstr_init_print
                0x1a001184                vstr_clear
                0x1a00119a                vstr_new
                0x1a0011b0                vstr_new_size
                0x1a0011c8                vstr_free
                0x1a0011e6                vstr_reset
                0x1a0011f4                vstr_had_error
                0x1a0011fc                vstr_str
                0x1a001208                vstr_len
                0x1a001214                vstr_extend
                0x1a001246                vstr_hint_size
                0x1a00125e                vstr_add_len
                0x1a001282                vstr_null_terminated_str
                0x1a0012a8                vstr_add_byte
                0x1a0012b8                vstr_add_char
                0x1a00134c                vstr_add_str
                0x1a001366                vstr_ins_byte
                0x1a001374                vstr_ins_char
                0x1a001382                vstr_cut_tail_bytes
                0x1a00139a                vstr_cut_out_bytes
                0x1a0013cc                vstr_cut_head_bytes
                0x1a0013d4                vstr_vprintf
                0x1a0013ec                vstr_printf
 .text          0x1a001408      0x72c build/py/mpprint.o
                0x1a001410                mp_print_str
                0x1a00142e                mp_print_strn
                0x1a0015ba                mp_print_mp_int
                0x1a0017f4                mp_print_float
                0x1a001894                mp_vprintf
                0x1a001b18                mp_printf
 .text          0x1a001b34      0x144 build/py/unicode.o
                0x1a001b34                utf8_get_char
                0x1a001b66                utf8_next_char
                0x1a001b78                utf8_ptr_to_index
                0x1a001b94                unichar_charlen
                0x1a001bb4                unichar_isspace
                0x1a001bc8                unichar_isalpha
                0x1a001bdc                unichar_isprint
                0x1a001bf0                unichar_isdigit
                0x1a001c04                unichar_isxdigit
                0x1a001c18                unichar_isupper
                0x1a001c2c                unichar_islower
                0x1a001c40                unichar_tolower
                0x1a001c54                unichar_toupper
                0x1a001c68                unichar_xdigit_value
 .text          0x1a001c78     0x10e8 build/py/mpz.o
                0x1a001e7e                mpz_init_zero
                0x1a001e9a                mpz_deinit
                0x1a001eaa                mpz_set
                0x1a001ed4                mpz_set_from_int
                0x1a001ee0                mpz_init_from_int
                0x1a001ef6                mpz_init_fixed_from_int
                0x1a001f1c                mpz_set_from_ll
                0x1a001f8a                mpz_set_from_float
                0x1a002038                mpz_set_from_str
                0x1a0020d6                mpz_is_zero
                0x1a0020e2                mpz_cmp
                0x1a002110                mpz_abs_inpl
                0x1a002126                mpz_neg_inpl
                0x1a002144                mpz_not_inpl
                0x1a0021b6                mpz_shl_inpl
                0x1a002282                mpz_shr_inpl
                0x1a002328                mpz_add_inpl
                0x1a00239a                mpz_sub_inpl
                0x1a00241c                mpz_and_inpl
                0x1a002528                mpz_or_inpl
                0x1a0025c8                mpz_xor_inpl
                0x1a002678                mpz_mul_inpl
                0x1a00278e                mpz_pow_inpl
                0x1a00280c                mpz_divmod_inpl
                0x1a002ac4                mpz_hash
                0x1a002aea                mpz_as_int_checked
                0x1a002b1c                mpz_as_uint_checked
                0x1a002b4c                mpz_as_bytes
                0x1a002bc6                mpz_as_float
                0x1a002c04                mpz_as_str_size
                0x1a002c40                mpz_as_str_inpl
 .text          0x1a002d60      0x81c build/py/lexer.o
                0x1a003494                mp_lexer_free
                0x1a0034bc                mp_lexer_new
                0x1a003574                mp_lexer_to_next
 .text          0x1a00357c       0x68 build/py/lexerstr.o
                0x1a0035a8                mp_lexer_new_from_str_len
 .text          0x1a0035e4        0x0 build/py/lexerunix.o
 .text          0x1a0035e4      0x90c build/py/parse.o
                0x1a0039ec                mp_parse_node_new_leaf
                0x1a003b18                mp_parse_node_extract_list
                0x1a003b3e                mp_parse
                0x1a003edc                mp_parse_tree_clear
 .text          0x1a003ef0      0x14a build/py/scope.o
                0x1a003ef0                scope_new
                0x1a003f60                scope_free
                0x1a003f74                scope_find
                0x1a003f94                scope_find_or_add_id
                0x1a003fde                scope_find_global
                0x1a003fea                scope_find_local_in_parent
                0x1a004008                scope_close_over_in_parents
 *fill*         0x1a00403a        0x2 
 .text          0x1a00403c     0x2df4 build/py/compile.o
                0x1a006b1c                mp_compile
 .text          0x1a006e30       0xa6 build/py/emitcommon.o
                0x1a006e30                mp_emit_common_get_id_for_load
                0x1a006e6e                mp_emit_common_get_id_for_modification
                0x1a006e9e                mp_emit_common_id_op
 *fill*         0x1a006ed6        0x2 
 .text          0x1a006ed8      0xc58 build/py/emitbc.o
                0x1a006f1c                mp_emit_bc_last_emit_was_return_value
                0x1a006f26                mp_emit_bc_adjust_stack_size
                0x1a006f4e                mp_emit_bc_for_iter_end
                0x1a006f56                mp_emit_bc_start_except_handler
                0x1a006f5e                mp_emit_bc_end_except_handler
                0x1a006fd4                mp_emit_bc_import_name
                0x1a006ff0                mp_emit_bc_import_from
                0x1a00700a                mp_emit_bc_load_const_str
                0x1a007024                mp_emit_bc_load_deref
                0x1a00703e                mp_emit_bc_load_name
                0x1a007058                mp_emit_bc_load_global
                0x1a007072                mp_emit_bc_load_attr
                0x1a00708c                mp_emit_bc_load_method
                0x1a0070a6                mp_emit_bc_store_deref
                0x1a0070c2                mp_emit_bc_store_name
                0x1a0070de                mp_emit_bc_store_global
                0x1a0070fa                mp_emit_bc_store_attr
                0x1a007116                mp_emit_bc_delete_fast
                0x1a00711c                mp_emit_bc_delete_deref
                0x1a007122                mp_emit_bc_delete_name
                0x1a00713c                mp_emit_bc_delete_global
                0x1a007156                mp_emit_bc_build_tuple
                0x1a007172                mp_emit_bc_build_list
                0x1a00718e                mp_emit_bc_list_append
                0x1a0071aa                mp_emit_bc_build_map
                0x1a0071c4                mp_emit_bc_map_add
                0x1a0071e0                mp_emit_bc_build_set
                0x1a0071fc                mp_emit_bc_set_add
                0x1a007218                mp_emit_bc_build_slice
                0x1a007234                mp_emit_bc_unpack_sequence
                0x1a00724e                mp_emit_bc_unpack_ex
                0x1a00726c                mp_emit_bc_import_star
                0x1a007284                mp_emit_bc_load_null
                0x1a00729a                mp_emit_bc_load_fast
                0x1a0072c8                mp_emit_bc_load_build_class
                0x1a0072de                mp_emit_bc_load_subscr
                0x1a0072f6                mp_emit_bc_store_fast
                0x1a007326                mp_emit_bc_store_subscr
                0x1a00733e                mp_emit_bc_dup_top
                0x1a007354                mp_emit_bc_dup_top_two
                0x1a00736a                mp_emit_bc_pop_top
                0x1a007382                mp_emit_bc_rot_two
                0x1a007398                mp_emit_bc_delete_attr
                0x1a0073b4                mp_emit_bc_rot_three
                0x1a0073ca                mp_emit_bc_delete_subscr
                0x1a0073e2                mp_emit_bc_with_cleanup
                0x1a0073fa                mp_emit_bc_end_finally
                0x1a007412                mp_emit_bc_get_iter
                0x1a007428                mp_emit_bc_pop_block
                0x1a00743e                mp_emit_bc_pop_except
                0x1a007454                mp_emit_bc_unary_op
                0x1a007470                mp_emit_bc_store_map
                0x1a007488                mp_emit_bc_return_value
                0x1a0074a4                mp_emit_bc_yield_value
                0x1a0074c4                mp_emit_bc_yield_from
                0x1a007534                mp_emit_bc_setup_with
                0x1a00754e                mp_emit_bc_setup_except
                0x1a007568                mp_emit_bc_setup_finally
                0x1a007582                mp_emit_bc_for_iter
                0x1a0075ca                mp_emit_bc_jump
                0x1a0075e4                mp_emit_bc_pop_jump_if
                0x1a007608                mp_emit_bc_jump_if_or_pop
                0x1a00762c                mp_emit_bc_set_source_line
                0x1a0076bc                mp_emit_bc_label_assign
                0x1a0076dc                mp_emit_bc_unwind_jump
                0x1a00772a                mp_emit_bc_binary_op
                0x1a007774                mp_emit_bc_make_function
                0x1a0077a2                mp_emit_bc_make_closure
                0x1a007818                mp_emit_bc_call_function
                0x1a00782e                mp_emit_bc_call_method
                0x1a007846                mp_emit_bc_end_pass
                0x1a0078bc                mp_emit_bc_load_const_small_int
                0x1a00794a                mp_emit_bc_raise_varargs
                0x1a007966                mp_emit_bc_load_const_obj
                0x1a007990                mp_emit_bc_load_const_tok
                0x1a0079e0                mp_emit_bc_start_pass
                0x1a007b04                emit_bc_new
                0x1a007b0a                emit_bc_set_max_num_labels
                0x1a007b1a                emit_bc_free
 .text          0x1a007b30        0x0 build/py/asmx64.o
 .text          0x1a007b30        0x0 build/py/emitnx64.o
 .text          0x1a007b30        0x0 build/py/asmx86.o
 .text          0x1a007b30        0x0 build/py/emitnx86.o
 .text          0x1a007b30      0x460 build/py/asmthumb.o
                0x1a007b30                asm_thumb_new
                0x1a007b4a                asm_thumb_free
                0x1a007b66                asm_thumb_start_pass
                0x1a007b98                asm_thumb_end_pass
                0x1a007b9a                asm_thumb_get_code_pos
                0x1a007b9e                asm_thumb_get_code_size
                0x1a007ba2                asm_thumb_get_code
                0x1a007ba6                asm_thumb_label_assign
                0x1a007bb6                asm_thumb_align
                0x1a007bc4                asm_thumb_data
                0x1a007bf0                asm_thumb_op16
                0x1a007c12                asm_thumb_entry
                0x1a007c58                asm_thumb_exit
                0x1a007c78                asm_thumb_op32
                0x1a007ca0                asm_thumb_format_4
                0x1a007caa                asm_thumb_mov_reg_reg
                0x1a007ccc                asm_thumb_mov_reg_i16
                0x1a007cf2                asm_thumb_b_n_label
                0x1a007d2e                asm_thumb_bcc_nw_label
                0x1a007d92                asm_thumb_bl_label
                0x1a007dd2                asm_thumb_mov_reg_i32
                0x1a007df8                asm_thumb_mov_reg_i32_optimised
                0x1a007e3c                asm_thumb_mov_reg_i32_aligned
                0x1a007e74                asm_thumb_mov_local_reg
                0x1a007e82                asm_thumb_mov_reg_local
                0x1a007e90                asm_thumb_mov_reg_local_addr
                0x1a007e9e                asm_thumb_b_label
                0x1a007ef2                asm_thumb_bcc_label
                0x1a007f56                asm_thumb_bl_ind
 .text          0x1a007f90     0x1de8 build/py/emitnthumb.o
                0x1a009d38                emit_native_thumb_new
                0x1a009d54                emit_native_thumb_free
 .text          0x1a009d78      0xeb4 build/py/emitinlinethumb.o
                0x1a00abec                emit_inline_thumb_new
                0x1a00ac0e                emit_inline_thumb_free
 .text          0x1a00ac2c        0x0 build/py/asmarm.o
 .text          0x1a00ac2c        0x0 build/py/emitnarm.o
 .text          0x1a00ac2c      0x3f8 build/py/formatfloat.o
                0x1a00ac2c                mp_format_float
 .text          0x1a00b024       0x70 build/py/parsenumbase.o
                0x1a00b024                mp_parse_num_base
 .text          0x1a00b094      0x378 build/py/parsenum.o
                0x1a00b0b4                mp_parse_num_integer
                0x1a00b1c8                mp_parse_num_decimal
 .text          0x1a00b40c       0xd4 build/py/emitglue.o
                0x1a00b40c                mp_emit_glue_new_raw_code
                0x1a00b420                mp_emit_glue_assign_bytecode
                0x1a00b43c                mp_emit_glue_assign_native
                0x1a00b464                mp_make_function_from_raw_code
                0x1a00b4ba                mp_make_closure_from_raw_code
 .text          0x1a00b4e0      0xec4 build/py/runtime.o
                0x1a00b4e0                mp_init
                0x1a00b518                mp_deinit
                0x1a00b51c                mp_load_global
                0x1a00b564                mp_load_name
                0x1a00b594                mp_load_build_class
                0x1a00b59c                mp_store_name
                0x1a00b5b0                mp_delete_name
                0x1a00b5c4                mp_store_global
                0x1a00b5d8                mp_delete_global
                0x1a00b5ec                mp_unary_op
                0x1a00b6a0                mp_call_function_n_kw
                0x1a00b6d8                mp_call_function_0
                0x1a00b6e2                mp_call_function_1
                0x1a00b6f8                mp_call_function_2
                0x1a00b70e                mp_call_method_n_kw
                0x1a00b72e                mp_convert_member_lookup
                0x1a00b788                mp_load_method_maybe
                0x1a00b7f0                mp_load_method
                0x1a00b814                mp_load_attr
                0x1a00b82c                mp_store_attr
                0x1a00b868                mp_getiter
                0x1a00b8ac                mp_iternext_allow_raise
                0x1a00b8f0                mp_iternext
                0x1a00b958                mp_binary_op
                0x1a00bc98                mp_call_method_n_kw_var
                0x1a00bed0                mp_unpack_sequence
                0x1a00bf70                mp_unpack_ex
                0x1a00c09c                mp_resume
                0x1a00c16c                mp_make_raise_obj
                0x1a00c1a8                mp_import_name
                0x1a00c1d0                mp_import_from
                0x1a00c2ac                mp_import_all
                0x1a00c2f8                mp_parse_compile_execute
                0x1a00c360                m_malloc_fail
                0x1a00c390                mp_not_implemented
 .text          0x1a00c3a4       0x88 build/py/nativeglue.o
                0x1a00c3a4                mp_convert_native_to_obj
                0x1a00c3d4                mp_native_call_function_n_kw
                0x1a00c3e8                mp_convert_obj_to_native
                0x1a00c414                mp_native_raise
 .text          0x1a00c42c       0x28 build/py/stackctrl.o
                0x1a00c42c                mp_stack_ctrl_init
                0x1a00c440                mp_stack_usage
 .text          0x1a00c454      0x108 build/py/argcheck.o
                0x1a00c454                mp_arg_error_terse_mismatch
                0x1a00c46c                mp_arg_check_num
                0x1a00c48e                mp_arg_parse_all
                0x1a00c530                mp_arg_parse_all_kw_array
 .text          0x1a00c55c        0x0 build/py/warning.o
 .text          0x1a00c55c      0x4d0 build/py/map.o
                0x1a00c55c                mp_map_init
                0x1a00c58a                mp_map_init_fixed_table
                0x1a00c5a0                mp_map_new
                0x1a00c5b6                mp_map_deinit
                0x1a00c5d4                mp_map_free
                0x1a00c5e6                mp_map_clear
                0x1a00c612                mp_map_lookup
                0x1a00c87c                mp_set_init
                0x1a00c890                mp_set_lookup
                0x1a00c9cc                mp_set_remove_first
                0x1a00ca16                mp_set_clear
 .text          0x1a00ca2c      0x5e0 build/py/obj.o
                0x1a00ca2c                mp_identity
                0x1a00ca2e                mp_obj_get_type
                0x1a00ca60                mp_obj_get_type_str
                0x1a00ca70                mp_obj_print_helper
                0x1a00caa0                mp_obj_print
                0x1a00cab0                mp_obj_print_exception
                0x1a00cb3c                mp_obj_is_callable
                0x1a00cb64                mp_obj_equal
                0x1a00cbfc                mp_obj_get_int
                0x1a00cc50                mp_obj_get_int_truncated
                0x1a00cc6c                mp_obj_get_int_maybe
                0x1a00ccc0                mp_obj_get_float
                0x1a00cd34                mp_obj_get_complex
                0x1a00cdc4                mp_obj_get_array
                0x1a00ce04                mp_obj_get_array_fixed_n
                0x1a00ce2c                mp_get_index
                0x1a00ce98                mp_obj_id
                0x1a00ceb0                mp_obj_len_maybe
                0x1a00cee4                mp_obj_is_true
                0x1a00cf4c                mp_obj_len
                0x1a00cf6c                mp_obj_subscr
                0x1a00cfb8                mp_get_buffer
                0x1a00cfde                mp_get_buffer_raise
                0x1a00cffc                mp_generic_unary_op
 .text          0x1a00d00c      0x660 build/py/objarray.o
                0x1a00d5a4                mp_obj_new_memoryview
                0x1a00d624                mp_obj_new_bytearray
                0x1a00d642                mp_obj_new_bytearray_by_ref
 .text          0x1a00d66c       0xd0 build/py/objattrtuple.o
                0x1a00d696                mp_obj_attrtuple_print_helper
                0x1a00d706                mp_obj_new_attrtuple
 .text          0x1a00d73c       0x9c build/py/objbool.o
 .text          0x1a00d7d8       0xa8 build/py/objboundmeth.o
                0x1a00d866                mp_obj_new_bound_meth
 .text          0x1a00d880       0x20 build/py/objcell.o
                0x1a00d880                mp_obj_cell_get
                0x1a00d884                mp_obj_cell_set
                0x1a00d888                mp_obj_new_cell
 .text          0x1a00d8a0       0xc0 build/py/objclosure.o
                0x1a00d92c                mp_obj_new_closure
 .text          0x1a00d960      0x3f8 build/py/objcomplex.o
                0x1a00da1a                mp_obj_new_complex
                0x1a00db74                mp_obj_complex_get
                0x1a00db7e                mp_obj_complex_binary_op
 .text          0x1a00dd58      0x634 build/py/objdict.o
                0x1a00e208                mp_obj_dict_get
                0x1a00e22c                mp_obj_dict_init
                0x1a00e23c                mp_obj_new_dict
                0x1a00e320                mp_obj_dict_len
                0x1a00e326                mp_obj_dict_store
                0x1a00e33a                mp_obj_dict_delete
                0x1a00e388                mp_obj_dict_get_map
 .text          0x1a00e38c       0x56 build/py/objenumerate.o
 *fill*         0x1a00e3e2        0x2 
 .text          0x1a00e3e4      0x2ec build/py/objexcept.o
                0x1a00e3e4                mp_obj_exception_make_new
                0x1a00e4c0                mp_obj_exception_get_value
                0x1a00e500                mp_obj_new_exception_args
                0x1a00e50c                mp_obj_new_exception
                0x1a00e514                mp_obj_new_exception_arg1
                0x1a00e528                mp_obj_new_exception_msg_varg
                0x1a00e5b8                mp_obj_new_exception_msg
                0x1a00e5bc                mp_obj_is_exception_type
                0x1a00e5e8                mp_obj_is_exception_instance
                0x1a00e5f6                mp_obj_exception_match
                0x1a00e616                mp_obj_exception_clear_traceback
                0x1a00e634                mp_obj_exception_add_traceback
                0x1a00e6a4                mp_obj_exception_get_traceback
 .text          0x1a00e6d0       0x68 build/py/objfilter.o
 .text          0x1a00e738      0x3ec build/py/objfloat.o
                0x1a00e85c                mp_obj_new_float
                0x1a00e91c                mp_obj_float_get
                0x1a00e922                mp_obj_float_binary_op
 .text          0x1a00eb24      0x480 build/py/objfun.o
                0x1a00ee9c                mp_obj_code_get_name
                0x1a00eeb4                mp_obj_fun_get_name
                0x1a00ef02                mp_obj_new_fun_bc
                0x1a00ef60                mp_obj_new_fun_native
                0x1a00ef70                mp_obj_new_fun_viper
                0x1a00ef8c                mp_obj_new_fun_asm
 .text          0x1a00efa4      0x258 build/py/objgenerator.o
                0x1a00f02c                mp_obj_new_gen_wrap
                0x1a00f044                mp_obj_gen_resume
 .text          0x1a00f1fc       0x74 build/py/objgetitemiter.o
                0x1a00f250                mp_obj_new_getitem_iter
 .text          0x1a00f270      0x360 build/py/objint.o
                0x1a00f390                mp_classify_fp_as_int
                0x1a00f3ac                mp_obj_int_formatted
                0x1a00f528                mp_obj_int_print
                0x1a00f564                mp_obj_int_binary_op_extra_cases
 .text          0x1a00f5d0        0x0 build/py/objint_longlong.o
 .text          0x1a00f5d0      0x5b4 build/py/objint_mpz.o
                0x1a00f5ec                mp_obj_int_formatted_impl
                0x1a00f644                mp_obj_int_to_bytes_impl
                0x1a00f64a                mp_obj_int_is_positive
                0x1a00f65e                mp_obj_int_unary_op
                0x1a00f6c4                mp_obj_new_int_from_ll
                0x1a00f6e4                mp_obj_int_abs
                0x1a00f734                mp_obj_new_int
                0x1a00f748                mp_obj_new_int_from_ull
                0x1a00f768                mp_obj_new_int_from_uint
                0x1a00f77c                mp_obj_new_int_from_float
                0x1a00f7e4                mp_obj_new_int_from_str_len
                0x1a00f814                mp_obj_int_get_truncated
                0x1a00f822                mp_obj_int_get_checked
                0x1a00f854                mp_obj_int_binary_op
                0x1a00fb6c                mp_obj_int_as_float
 .text          0x1a00fb84      0x758 build/py/objlist.o
                0x1a00fc04                mp_obj_list_append
                0x1a00fd86                mp_obj_list_sort
                0x1a00fe70                mp_obj_list_remove
                0x1a00ffa8                mp_obj_list_init
                0x1a010102                mp_obj_new_list
                0x1a01012c                mp_obj_list_get
                0x1a010136                mp_obj_list_set_len
                0x1a01013a                mp_obj_list_store
 .text          0x1a0102dc       0x98 build/py/objmap.o
 .text          0x1a010374      0x128 build/py/objmodule.o
                0x1a0103f4                mp_obj_new_module
                0x1a01043c                mp_obj_module_get_globals
                0x1a010440                mp_module_init
                0x1a01044c                mp_module_deinit
                0x1a01044e                mp_module_get
                0x1a010480                mp_module_register
 .text          0x1a01049c       0x1e build/py/objobject.o
 .text          0x1a0104ba        0x8 build/py/objpolyiter.o
 *fill*         0x1a0104c2        0x2 
 .text          0x1a0104c4       0xa0 build/py/objproperty.o
                0x1a010560                mp_obj_property_get
 .text          0x1a010564       0x30 build/py/objnone.o
 .text          0x1a010594      0x1d4 build/py/objnamedtuple.o
 .text          0x1a010768      0x1d4 build/py/objrange.o
 .text          0x1a01093c       0x6a build/py/objreversed.o
 *fill*         0x1a0109a6        0x2 
 .text          0x1a0109a8      0x6f8 build/py/objset.o
                0x1a010e04                mp_obj_new_set
                0x1a010ed0                mp_obj_set_store
 .text          0x1a0110a0       0x10 build/py/objsingleton.o
 .text          0x1a0110b0       0x80 build/py/objslice.o
                0x1a011104                mp_obj_new_slice
                0x1a011120                mp_obj_slice_get
 .text          0x1a011130     0x1d90 build/py/objstr.o
                0x1a011444                mp_obj_str_get_buffer
                0x1a011698                mp_str_print_quoted
                0x1a011758                mp_str_print_json
                0x1a011834                mp_obj_new_str_of_type
                0x1a011b14                mp_obj_new_str_from_vstr
                0x1a011f68                mp_obj_new_str
                0x1a011f98                mp_obj_str_make_new
                0x1a01201c                mp_obj_str_intern
                0x1a012048                mp_obj_new_bytes
                0x1a012058                mp_obj_str_equal
                0x1a0120ea                mp_obj_str_get_qstr
                0x1a012118                mp_obj_str_get_str
                0x1a01214c                mp_obj_str_get_data
                0x1a012184                mp_obj_str_binary_op
                0x1a012814                mp_obj_str_split
                0x1a012854                mp_obj_str_format
 .text.unlikely
                0x1a012ec0       0x18 build/py/objstr.o
 .text          0x1a012ed8      0x35c build/py/objstrunicode.o
                0x1a0130a8                str_index_to_ptr
 .text          0x1a013234      0x11c build/py/objstringio.o
 .text          0x1a013350      0x370 build/py/objtuple.o
                0x1a01336c                mp_obj_tuple_print
                0x1a013404                mp_obj_tuple_unary_op
                0x1a013460                mp_obj_tuple_getiter
                0x1a013484                mp_obj_new_tuple
                0x1a0134c4                mp_obj_tuple_binary_op
                0x1a0135bc                mp_obj_tuple_subscr
                0x1a0136b0                mp_obj_tuple_get
                0x1a0136ba                mp_obj_tuple_del
 .text          0x1a0136c0      0xac4 build/py/objtype.o
                0x1a01381c                mp_obj_instance_attr
                0x1a013bb0                mp_obj_instance_make_new
                0x1a013e22                mp_obj_instance_call
                0x1a013ec4                mp_obj_instance_is_callable
                0x1a013ed2                mp_obj_new_type
                0x1a014010                mp_obj_new_super
                0x1a01404a                mp_obj_is_subclass_fast
                0x1a01416e                mp_instance_cast_to_native_base
 .text          0x1a014184       0x96 build/py/objzip.o
 .text          0x1a01421a       0x5a build/py/opmethods.o
 .text          0x1a014274      0x2a4 build/py/sequence.o
                0x1a014274                mp_seq_multiply
                0x1a01429c                mp_seq_get_fast_slice_indexes
                0x1a014310                mp_seq_extract_slice
                0x1a014362                mp_seq_cmp_bytes
                0x1a0143d4                mp_seq_cmp_objs
                0x1a014474                mp_seq_index_obj
                0x1a0144e8                mp_seq_count_obj
 .text          0x1a014518      0x458 build/py/stream.o
                0x1a014518                mp_get_stream_raise
                0x1a0148f0                mp_stream_write
                0x1a01494c                mp_stream_write_adaptor
                0x1a014950                mp_stream_unbuffered_iter
 .text          0x1a014970      0x430 build/py/binary.o
                0x1a014970                mp_binary_get_size
                0x1a0149ac                mp_binary_get_val_array
                0x1a014a72                mp_binary_get_int
                0x1a014aca                mp_binary_get_val
                0x1a014b76                mp_binary_set_int
                0x1a014ba6                mp_binary_set_val
                0x1a014c94                mp_binary_set_val_array_from_int
                0x1a014d24                mp_binary_set_val_array
 .text          0x1a014da0      0x3f4 build/py/builtinimport.o
                0x1a014e10                mp_builtin___import__
                0x1a01517c                mp_obj_is_package
 .text          0x1a015194       0x78 build/py/builtinevex.o
 .text          0x1a01520c        0x0 build/py/modarray.o
 .text          0x1a01520c      0x7b0 build/py/modbuiltins.o
 .text          0x1a0159bc        0x0 build/py/modcollections.o
 .text          0x1a0159bc       0x84 build/py/modgc.o
 .text          0x1a015a40        0x0 build/py/modio.o
 .text          0x1a015a40      0x348 build/py/modmath.o
 .text.unlikely
                0x1a015d88       0x18 build/py/modmath.o
 .text          0x1a015da0      0x248 build/py/modcmath.o
 .text          0x1a015fe8        0x0 build/py/modmicropython.o
 .text          0x1a015fe8      0x270 build/py/modstruct.o
 .text          0x1a016258       0x48 build/py/modsys.o
 .text          0x1a0162a0      0xf54 build/py/vm.o
                0x1a0162a0                mp_execute_bytecode
 .text          0x1a0171f4      0x2b0 build/py/bc.o
                0x1a0171f4                mp_decode_uint
                0x1a017210                mp_setup_code_state
 .text          0x1a0174a4        0x0 build/py/showbc.o
 .text          0x1a0174a4      0x3dc build/py/repl.o
                0x1a0174dc                mp_repl_continue_with_input
                0x1a017638                mp_repl_autocomplete
 .text          0x1a017880       0x7c build/py/smallint.o
                0x1a017880                mp_small_int_mul_overflow
                0x1a0178c4                mp_small_int_modulo
                0x1a0178e0                mp_small_int_floor_divide
 .text          0x1a0178fc       0x64 build/py/frozenmod.o
                0x1a0178fc                mp_find_frozen_module
 .text          0x1a017960      0x700 build/py/../extmod/moductypes.o
 .text          0x1a018060      0x348 build/py/../extmod/modujson.o
 .text          0x1a0183a8      0x928 build/py/../extmod/modure.o
                0x1a018774                re1_5_sizecode
                0x1a01879e                re1_5_compilecode
                0x1a0187f4                re1_5_dumpcode
                0x1a018998                _re1_5_classmatch
                0x1a0189ce                _re1_5_namedclassmatch
                0x1a018b28                re1_5_recursiveloopprog
 .text          0x1a018cd0      0x68c build/py/../extmod/moduzlib.o
                0x1a018fc0                tinf_init
                0x1a018fc2                tinf_uncompress_dyn
                0x1a019138                tinf_uncompress
                0x1a01915c                tinf_adler32
                0x1a019236                tinf_zlib_uncompress_dyn
                0x1a019334                tinf_zlib_uncompress
 .text          0x1a01935c      0x168 build/py/../extmod/moduheapq.o
 .text          0x1a0194c4      0x350 build/py/../extmod/moduhashlib.o
                0x1a019608                sha256_init
                0x1a01965c                sha256_update
                0x1a0196fa                sha256_final
 .text          0x1a019814      0x30c build/py/../extmod/modubinascii.o
                0x1a019814                mod_binascii_hexlify
                0x1a019898                mod_binascii_b2a_base64
                0x1a01998c                mod_binascii_unhexlify
                0x1a019a10                mod_binascii_a2b_base64
 .text          0x1a019b20        0x0 build/py/../extmod/machine_mem.o
 .text          0x1a019b20        0x0 build/py/../extmod/modussl.o
 .text          0x1a019b20      0x124 build/py/../extmod/fsusermount.o
 .text          0x1a019c44        0x0 build/py/../extmod/moduos_dupterm.o
 .text          0x1a019c44       0xac build/main.o
                0x1a019c44                init_flash_fs
                0x1a019cb8                gc_collect
                0x1a019cdc                __fatal_error
                0x1a019cde                nlr_jump_fail
 .text.startup  0x1a019cf0       0xac build/main.o
                0x1a019cf0                main
 .text          0x1a019d9c       0x1c build/sysinit.o
                0x1a019d9c                SystemInit
 .text          0x1a019db8      0x14c build/system.o
                0x1a019db8                _exit
                0x1a019dbc                _close_r
                0x1a019dc6                _execve_r
                0x1a019dd0                _fcntl_r
                0x1a019dda                _fork_r
                0x1a019de4                _fstat_r
                0x1a019dee                _getpid_r
                0x1a019df2                _isatty_r
                0x1a019e02                _kill_r
                0x1a019e14                _link_r
                0x1a019e1e                _lseek_r
                0x1a019e28                _mkdir_r
                0x1a019e32                _open_r
                0x1a019e3c                _read_r
                0x1a019e6c                _rename_r
                0x1a019e76                _sbrk_r
                0x1a019e9c                _stat_r
                0x1a019ea6                _times_r
                0x1a019eb0                _unlink_r
                0x1a019eba                _wait_r
                0x1a019ec4                _write_r
                0x1a019ef8                _gettimeofday_r
 .text          0x1a019f04       0x78 build/cr_startup_lpc43xx.o
                0x1a019f04                ResetISR
 .text          0x1a019f7c      0x374 build/ciaanxp_mphal.o
                0x1a019f7c                SysTick_Handler
                0x1a019f9c                mp_hal_init
                0x1a019fe4                mp_hal_get_milliseconds
                0x1a019ff0                mp_hal_ticks_ms
                0x1a019ffc                mp_hal_milli_delay
                0x1a01a014                mp_hal_delay_ms
                0x1a01a018                mp_hal_set_interrupt_char
                0x1a01a024                mp_hal_stdin_rx_chr
                0x1a01a034                mp_hal_stdout_tx_strn
                0x1a01a04a                mp_hal_stdout_tx_str
                0x1a01a05e                mp_hal_stdout_tx_strn_cooked
                0x1a01a082                mp_hal_rs232_write
                0x1a01a0c0                mp_hal_rs232_setRxBuffer
                0x1a01a0e0                mp_hal_rs232_setConfig
                0x1a01a0fc                mp_hal_rs232_isNewPacketAvailable
                0x1a01a108                mp_hal_rs232_getPacketSize
                0x1a01a114                mp_hal_rs232_getChar
                0x1a01a120                mp_hal_rs232_charAvailable
                0x1a01a12c                mp_hal_rs232_resetRxPacket
                0x1a01a138                mp_hal_rs485_write
                0x1a01a174                mp_hal_rs485_setRxBuffer
                0x1a01a194                mp_hal_rs485_setConfig
                0x1a01a1b0                mp_hal_rs485_isNewPacketAvailable
                0x1a01a1bc                mp_hal_rs485_getPacketSize
                0x1a01a1c8                mp_hal_rs485_getChar
                0x1a01a1d4                mp_hal_rs485_charAvailable
                0x1a01a1e0                mp_hal_rs485_resetRxPacket
                0x1a01a1ec                mp_hal_configureButtonCallback
                0x1a01a1f0                mp_hal_configureGPIOs
                0x1a01a1f4                mp_hal_readGPIO
                0x1a01a1f8                mp_hal_writeGPIO
                0x1a01a1fc                mp_hal_enableIntCallbackGPIO
                0x1a01a20c                mp_hal_disableIntCallbackGPIO
                0x1a01a210                mp_hal_writeDAC
                0x1a01a214                mp_hal_setSampleRateDAC
                0x1a01a218                mp_hal_writeDMADAC
                0x1a01a21c                mp_hal_setPwmRGBValue
                0x1a01a226                mp_hal_getPwmRGBValue
                0x1a01a22a                mp_hal_enableTimerAsTimer
                0x1a01a22e                mp_hal_disableTimer
                0x1a01a232                mp_hal_setTimerCallback
                0x1a01a236                mp_hal_getTimerClockFrequency
                0x1a01a23a                mp_hal_setTimerCounter
                0x1a01a23e                mp_hal_getTimerCounter
                0x1a01a242                mp_hal_setTimerPrescaler
                0x1a01a246                mp_hal_getTimerPrescaler
                0x1a01a24a                mp_hal_setTimerMatch
                0x1a01a24e                mp_hal_getTimerMatch
                0x1a01a252                mp_hal_setPWMFequency
                0x1a01a256                mp_hal_configurePWMOut
                0x1a01a25a                mp_hal_setPWMDutyCycle
                0x1a01a25e                mp_hal_enableADCchannel
                0x1a01a262                mp_hal_startADCconversion
                0x1a01a266                mp_hal_readADCchannel
                0x1a01a26a                mp_hal_initKeyboard
                0x1a01a26e                mp_hal_readMatrixKeyboard
                0x1a01a278                mp_hal_initLCD
                0x1a01a27c                mp_hal_clearLCD
                0x1a01a280                mp_hal_printStringLCD
                0x1a01a284                mp_hal_gotoXYLCD
                0x1a01a288                mp_hal_configCursorLCD
                0x1a01a28c                mp_hal_writeByteEEPROM
                0x1a01a290                mp_hal_readByteEEPROM
                0x1a01a294                mp_hal_configSPI
                0x1a01a298                mp_hal_writeSPI
                0x1a01a29c                mp_hal_readSPI
                0x1a01a2a0                mp_hal_initRTC
                0x1a01a2a4                mp_hal_setTimeRTC
                0x1a01a2ae                mp_hal_getTimeRTC
                0x1a01a2b8                mp_hal_setCalibRTC
                0x1a01a2bc                mp_hal_writeBkpRegisterRTC
                0x1a01a2c0                mp_hal_readBkpRegisterRTC
                0x1a01a2c4                mp_hal_setAlarmTimeRTC
                0x1a01a2ce                mp_hal_getAlarmTimeRTC
                0x1a01a2d8                mp_hal_disableAlarmRTC
                0x1a01a2dc                mp_hal_setCallbackRTC
                0x1a01a2e0                mp_hal_setSpeedI2C
                0x1a01a2e4                mp_hal_masterReadI2C
                0x1a01a2e8                mp_hal_masterWrite
                0x1a01a2ec                mp_hal_masterWriteCmdAdnRead
 .text          0x1a01a2f0       0xc4 build/ciaa_help.o
 .text          0x1a01a3b4      0x10c build/bootSys.o
                0x1a01a3b4                boot_getChar
                0x1a01a3cc                searchXmodemEndOfData
                0x1a01a3e4                receiveXmodemPacket
                0x1a01a3fc                checkCrc
                0x1a01a420                boot_writeScript
                0x1a01a460                boot
 .text          0x1a01a4c0      0x1d0 build/lpc43_diskio.o
                0x1a01a4c0                disk_initialize
                0x1a01a4f4                disk_status
                0x1a01a518                disk_read
                0x1a01a580                disk_write
                0x1a01a5ec                disk_ioctl
                0x1a01a654                get_fattime
 .text          0x1a01a690      0x13c build/lpc43_flash.o
                0x1a01a690                flash_get_sector_info
                0x1a01a6d0                flash_init
                0x1a01a6f8                flash_erase
                0x1a01a760                flash_write
 .text.unlikely
                0x1a01a7cc        0xc build/lpc43_flash.o
 .text          0x1a01a7d8      0x2d0 build/lpc43_storage.o
                0x1a01a7f0                storage_init
                0x1a01a810                storage_get_block_size
                0x1a01a816                storage_get_block_count
                0x1a01a81c                storage_irq_handler
                0x1a01a88c                storage_flush
                0x1a01a8a0                storage_read_block
                0x1a01aa0c                storage_write_block
 .text          0x1a01aaa8       0xec build/ffconf.o
                0x1a01aad8                ff_get_ldnumber
                0x1a01ab40                ff_get_volname
 .text          0x1a01ab94      0x42c build/moduos.o
 .text          0x1a01afc0      0x1d4 build/modutime.o
 .text          0x1a01b194       0x40 build/modpyb.o
 .text          0x1a01b1d4      0x104 build/modpybled.o
                0x1a01b1d4                pyb_led_print
                0x1a01b1ec                pyb_led_on
                0x1a01b208                pyb_led_off
                0x1a01b224                pyb_led_toggle
 .text          0x1a01b2d8      0x150 build/modpybswitch.o
                0x1a01b2d8                pyb_switch_print
                0x1a01b2f0                pyb_switch_value
                0x1a01b318                pyb_switch_exec_callback
                0x1a01b370                pyb_switch_call
 .text          0x1a01b428      0x2e0 build/modpybuart.o
                0x1a01b43c                pyb_uart_print
 .text          0x1a01b708      0x14c build/modpybpin.o
                0x1a01b708                pyb_gpio_print
                0x1a01b848                getPinNumber
 .text          0x1a01b854      0x1dc build/modpybextint.o
                0x1a01b85e                extint_exec_callback
 .text          0x1a01ba30       0xf8 build/modpybdac.o
                0x1a01ba30                pyb_dac_print
                0x1a01ba3c                pyb_dac_write
                0x1a01ba54                pyb_dac_noise
                0x1a01ba78                pyb_dac_triangle
 .text          0x1a01bb28      0x39c build/modpybtimer.o
                0x1a01bb28                pyb_timer_print
                0x1a01bb44                pyb_timer_exec_callback
 .text          0x1a01bec4       0xd8 build/modpybpwm.o
                0x1a01bec4                pyb_pwm_print
 .text          0x1a01bf9c       0x84 build/modpybadc.o
                0x1a01bf9c                pyb_adc_print
                0x1a01bfb4                pyb_adc_read
 .text          0x1a01c020       0xe0 build/modpybkeyboard.o
                0x1a01c020                pyb_keyboard_print
                0x1a01c088                pyb_keyboard_getKey
                0x1a01c0ca                pyb_keyboard_get_matrix
                0x1a01c0d8                pyb_keyboard_get_char
 .text          0x1a01c100       0xb8 build/modpyblcd44780u.o
                0x1a01c100                pyb_lcd_print
                0x1a01c118                pyb_lcd_clear
                0x1a01c128                pyb_lcd_goto_xy
                0x1a01c14c                pyb_lcd_config_cursor
 .text          0x1a01c1b8      0x204 build/modpybeeprom.o
                0x1a01c1b8                pyb_eeprom_print
                0x1a01c1cc                pyb_eeprom_read_byte
                0x1a01c1e0                pyb_eeprom_read_int
                0x1a01c21a                pyb_eeprom_write_byte
                0x1a01c238                pyb_eeprom_write_int
                0x1a01c2a2                pyb_eeprom_read_float
                0x1a01c2e0                pyb_eeprom_write_float
 .text          0x1a01c3bc      0x110 build/modpybspi.o
                0x1a01c3bc                pyb_spi_print
 .text          0x1a01c4cc      0x348 build/modpybrtc.o
                0x1a01c4cc                pyb_rtc_print
                0x1a01c4e4                pyb_rtc_exec_callback
 .text          0x1a01c814       0xc4 build/modpybi2c.o
                0x1a01c814                pyb_i2c_print
 .text          0x1a01c8d8     0x2994 build/lib/fatfs/ff.o
                0x1a01dab0                f_mount
                0x1a01db00                f_open
                0x1a01dc4c                f_read
                0x1a01dd70                f_write
                0x1a01dee4                f_sync
                0x1a01df62                f_close
                0x1a01df78                f_chdrive
                0x1a01df9c                f_chdir
                0x1a01dff8                f_getcwd
                0x1a01e134                f_lseek
                0x1a01e224                f_opendir
                0x1a01e28c                f_closedir
                0x1a01e29a                f_readdir
                0x1a01e2f4                f_stat
                0x1a01e33c                f_getfree
                0x1a01e41c                f_truncate
                0x1a01e4a0                f_unlink
                0x1a01e554                f_mkdir
                0x1a01e710                f_chmod
                0x1a01e76c                f_rename
                0x1a01e880                f_utime
                0x1a01e8dc                f_getlabel
                0x1a01e974                f_setlabel
                0x1a01eac0                f_mkfs
                0x1a01f132                f_fdisk
 .text          0x1a01f26c       0xec build/lib/fatfs/option/ccsbcs.o
                0x1a01f26c                ff_convert
                0x1a01f2a4                ff_wtoupper
 .text          0x1a01f358      0x454 build/lib/mp-readline/readline.o
                0x1a01f420                readline_init0
                0x1a01f430                readline_note_newline
                0x1a01f450                readline_init
                0x1a01f47c                readline_push_history
                0x1a01f4cc                readline_process_char
                0x1a01f798                readline
 .text          0x1a01f7ac      0x284 build/lib/timeutils/timeutils.o
                0x1a01f7ac                timeutils_is_leap_year
                0x1a01f7d6                timeutils_days_in_month
                0x1a01f7fc                timeutils_year_day
                0x1a01f81c                timeutils_seconds_since_2000_to_struct_time
                0x1a01f948                timeutils_seconds_since_2000
                0x1a01f9a8                timeutils_mktime
 .text          0x1a01fa30      0x36c build/lib/utils/pyexec.o
                0x1a01fb2c                pyb_set_repl_info
                0x1a01fb48                pyexec_raw_repl
                0x1a01fc00                pyexec_friendly_repl
                0x1a01fd44                pyexec_file
                0x1a01fd6c                pyexec_frozen_module
 .text          0x1a01fd9c      0x1fc build/stmhal/file.o
                0x1a01fd9c                file_obj_print
                0x1a01fdbc                file_obj_close
                0x1a01fdcc                file_obj___exit__
                0x1a01ff2c                mp_builtin_open
 .text          0x1a01ff98       0x28 build/stmhal/import.o
                0x1a01ff98                mp_import_stat
 .text          0x1a01ffc0       0x4c build/stmhal/input.o
 .text          0x1a02000c       0xa4 build/stmhal/lexerfatfs.o
                0x1a02005a                mp_lexer_new_from_file
 .text          0x1a0200b0       0x94 build/stmhal/pybstdio.o
                0x1a0200b8                stdio_obj_print
 .text          0x1a020144       0x80 build/stmhal/bufhelper.o
                0x1a020144                pyb_buf_get_for_send
                0x1a02017c                pyb_buf_get_for_recv
 .text          0x1a0201c4      0x1e8 build/lpc_chip_43xx/src/adc_18xx_43xx.o
                0x1a0201c4                setStartMode
                0x1a0201d2                readAdcVal
                0x1a0201e8                Chip_ADC_Init
                0x1a020250                Chip_ADC_DeInit
                0x1a02026c                Chip_ADC_ReadValue
                0x1a020282                Chip_ADC_ReadStatus
                0x1a0202ae                Chip_ADC_Int_SetChannelCmd
                0x1a0202ca                Chip_ADC_SetStartMode
                0x1a0202e2                Chip_ADC_SetSampleRate
                0x1a02034c                Chip_ADC_SetResolution
                0x1a020354                Chip_ADC_EnableChannel
                0x1a020378                Chip_ADC_SetBurstCmd
                0x1a020392                Chip_ADC_ReadByte
 .text          0x1a0203ac      0x108 build/lpc_chip_43xx/src/aes_18xx_43xx.o
                0x1a0203ac                Chip_AES_Init
                0x1a0203f8                Chip_AES_SetMode
                0x1a020408                Chip_AES_LoadKey
                0x1a02041c                Chip_AES_LoadKeyRNG
                0x1a02042c                Chip_AES_LoadKeySW
                0x1a02043c                Chip_AES_LoadIV_SW
                0x1a02044c                Chip_AES_LoadIV_IC
                0x1a02045c                Chip_AES_Operate
                0x1a02046c                Chip_AES_ProgramKey
                0x1a020484                Chip_AES_Config_DMA
                0x1a020494                Chip_AES_OperateDMA
                0x1a0204a4                Chip_AES_GetStatusDMA
 .text          0x1a0204b4       0x16 build/lpc_chip_43xx/src/atimer_18xx_43xx.o
                0x1a0204b4                Chip_ATIMER_Init
                0x1a0204be                Chip_ATIMER_DeInit
 *fill*         0x1a0204ca        0x2 
 .text          0x1a0204cc      0x344 build/lpc_chip_43xx/src/ccan_18xx_43xx.o
                0x1a0204f4                Chip_CCAN_DeInit
                0x1a020508                Chip_CCAN_SetBitRate
                0x1a0205bc                Chip_CCAN_ClearStatus
                0x1a0205ca                Chip_CCAN_TransferMsgObject
                0x1a0205e8                Chip_CCAN_SetMsgObject
                0x1a02069c                Chip_CCAN_GetMsgObject
                0x1a0206f6                Chip_CCAN_SetValidMsg
                0x1a02071e                Chip_CCAN_Init
                0x1a02075c                Chip_CCAN_Send
                0x1a0207ae                Chip_CCAN_AddReceiveID
                0x1a0207d8                Chip_CCAN_DeleteReceiveID
 .text          0x1a020810       0xc4 build/lpc_chip_43xx/src/chip_18xx_43xx.o
                0x1a020844                Chip_USB0_Init
                0x1a020878                Chip_USB1_Init
                0x1a0208c0                SystemCoreClockUpdate
 .text          0x1a0208d4      0x7b8 build/lpc_chip_43xx/src/clock_18xx_43xx.o
                0x1a020968                Chip_Clock_EnableCrystal
                0x1a0209b0                Chip_Clock_DisableCrystal
                0x1a0209c0                Chip_Clock_SetDivider
                0x1a020a04                Chip_Clock_GetDividerSource
                0x1a020a1c                Chip_Clock_GetDividerDivisor
                0x1a020a38                Chip_Clock_GetClockInputHz
                0x1a020ad8                Chip_Clock_CalcMainPLLValue
                0x1a020bf8                Chip_Clock_SetupMainPLLMult
                0x1a020c8c                Chip_Clock_SetupMainPLLHz
                0x1a020d44                Chip_Clock_GetMainPLLHz
                0x1a020dd8                Chip_Clock_SetBaseClock
                0x1a020e14                Chip_Clock_GetBaseClockOpts
                0x1a020e44                Chip_Clock_EnableBaseClock
                0x1a020e5c                Chip_Clock_DisableBaseClock
                0x1a020e74                Chip_Clock_IsBaseClockEnabled
                0x1a020e90                Chip_Clock_GetBaseClock
                0x1a020eac                Chip_Clock_GetBaseClocktHz
                0x1a020eba                Chip_Clock_EnableOpts
                0x1a020ef0                Chip_Clock_Enable
                0x1a020f20                Chip_Clock_RTCEnable
                0x1a020f38                Chip_Clock_Disable
                0x1a020f68                Chip_Clock_StartPowerDown
                0x1a020f7c                Chip_Clock_ClearPowerDown
                0x1a020f90                Chip_Clock_GetRate
                0x1a020fec                Chip_Clock_GetEMCRate
                0x1a021018                Chip_Clock_SetupPLL
                0x1a021058                Chip_Clock_EnablePLL
                0x1a02106c                Chip_Clock_DisablePLL
                0x1a021080                Chip_Clock_GetPLLStatus
 .text          0x1a02108c       0x46 build/lpc_chip_43xx/src/dac_18xx_43xx.o
                0x1a02108c                Chip_DAC_Init
                0x1a0210a6                Chip_DAC_DeInit
                0x1a0210ac                Chip_DAC_UpdateValue
                0x1a0210bc                Chip_DAC_SetBias
 *fill*         0x1a0210d2        0x2 
 .text          0x1a0210d4       0x48 build/lpc_chip_43xx/src/eeprom_18xx_43xx.o
                0x1a0210d4                Chip_EEPROM_Init
                0x1a0210fc                Chip_EEPROM_WaitForIntStatus
                0x1a02110c                Chip_EEPROM_EraseProgramPage
 .text          0x1a02111c      0x2fc build/lpc_chip_43xx/src/emc_18xx_43xx.o
                0x1a02114c                initDynMem
                0x1a0212f0                initStaticMem
                0x1a021358                Chip_EMC_Dynamic_Init
                0x1a021374                Chip_EMC_Dynamic_Enable
                0x1a02138c                Chip_EMC_Static_Init
                0x1a0213a8                Chip_EMC_Mirror
                0x1a0213c0                Chip_EMC_Enable
                0x1a0213d8                Chip_EMC_LowPowerMode
                0x1a0213f0                Chip_EMC_Init
 .text          0x1a021418      0x160 build/lpc_chip_43xx/src/enet_18xx_43xx.o
                0x1a021418                Chip_ENET_Init
                0x1a0214f4                Chip_ENET_DeInit
                0x1a02150a                Chip_ENET_SetupMII
                0x1a02151c                Chip_ENET_StartMIIWrite
                0x1a02153c                Chip_ENET_StartMIIRead
                0x1a021554                Chip_ENET_SetDuplex
                0x1a021566                Chip_ENET_SetSpeed
 .text          0x1a021578       0xd4 build/lpc_chip_43xx/src/evrt_18xx_43xx.o
                0x1a021578                Chip_EVRT_Init
                0x1a0215ac                Chip_EVRT_ConfigIntSrcActiveType
                0x1a021610                Chip_EVRT_SetUpIntSrc
                0x1a021630                Chip_EVRT_IsSourceInterrupting
 .text          0x1a02164c       0x50 build/lpc_chip_43xx/src/fpu_init.o
                0x1a02164c                fpuInit
 .text          0x1a02169c      0x488 build/lpc_chip_43xx/src/gpdma_18xx_43xx.o
                0x1a0216dc                makeCtrlWord
                0x1a021788                setupChannel
                0x1a0217e8                Chip_GPDMA_Init
                0x1a021834                Chip_GPDMA_DeInit
                0x1a02183a                Chip_GPDMA_Stop
                0x1a02186c                Chip_GPDMA_Interrupt
                0x1a021894                Chip_GPDMA_InitChannelCfg
                0x1a021904                Chip_GPDMA_IntGetStatus
                0x1a021936                Chip_GPDMA_ClearIntPending
                0x1a021946                Chip_GPDMA_ChannelCmd
                0x1a02195e                Chip_GPDMA_Transfer
                0x1a021a04                Chip_GPDMA_PrepareDescriptor
                0x1a021a78                Chip_GPDMA_SGTransfer
                0x1a021af4                Chip_GPDMA_GetFreeChannel
 .text          0x1a021b24       0x84 build/lpc_chip_43xx/src/gpio_18xx_43xx.o
                0x1a021b24                Chip_GPIO_Init
                0x1a021b26                Chip_GPIO_DeInit
                0x1a021b28                Chip_GPIO_WriteDirBit
                0x1a021b4e                Chip_GPIO_SetDir
                0x1a021b68                Chip_GPIO_SetPinDIR
                0x1a021b8e                Chip_GPIO_SetPortDIR
 .text          0x1a021ba8        0x0 build/lpc_chip_43xx/src/gpiogroup_18xx_43xx.o
 .text          0x1a021ba8      0x14c build/lpc_chip_43xx/src/hsadc_18xx_43xx.o
                0x1a021ba8                Chip_HSADC_Init
                0x1a021bd0                Chip_HSADC_DeInit
                0x1a021bf8                Chip_HSADC_SetupFIFO
                0x1a021c04                Chip_HSADC_SetThrLowValue
                0x1a021c18                Chip_HSADC_SetThrHighValue
                0x1a021c2e                Chip_HSADC_SetSpeed
                0x1a021c48                Chip_HSADC_SetPowerSpeed
                0x1a021cd0                Chip_HSADC_SetACDCBias
 .text          0x1a021cf4      0x57c build/lpc_chip_43xx/src/i2c_18xx_43xx.o
                0x1a021cf4                Chip_I2C_EventHandler
                0x1a021d10                handleMasterXferState
                0x1a021dea                getSlaveIndex
                0x1a021e7e                handleSlaveXferState
                0x1a021f44                Chip_I2C_Init
                0x1a021f60                Chip_I2C_DeInit
                0x1a021f78                Chip_I2C_SetClockRate
                0x1a021fa0                Chip_I2C_GetClockRate
                0x1a021fc4                Chip_I2C_SetMasterEventHandler
                0x1a021fe0                Chip_I2C_GetMasterEventHandler
                0x1a021ff0                Chip_I2C_MasterTransfer
                0x1a02205c                Chip_I2C_MasterSend
                0x1a02208e                Chip_I2C_MasterCmdRead
                0x1a0220ce                Chip_I2C_MasterRead
                0x1a022100                Chip_I2C_IsMasterActive
                0x1a02211c                Chip_I2C_MasterStateHandler
                0x1a022140                Chip_I2C_SlaveSetup
                0x1a0221b4                Chip_I2C_SlaveStateHandler
                0x1a022218                Chip_I2C_Disable
                0x1a02222c                Chip_I2C_IsStateChanged
                0x1a022240                Chip_I2C_EventHandlerPolling
 .text          0x1a022270      0x204 build/lpc_chip_43xx/src/i2cm_18xx_43xx.o
                0x1a022270                Chip_I2CM_Init
                0x1a02228c                Chip_I2CM_DeInit
                0x1a0222a4                Chip_I2CM_SetBusSpeed
                0x1a0222d0                Chip_I2CM_XferHandler
                0x1a0223a8                Chip_I2CM_Xfer
                0x1a0223b6                Chip_I2CM_XferBlocking
                0x1a0223dc                Chip_I2CM_Write
                0x1a02242a                Chip_I2CM_Read
 .text          0x1a022474      0x27a build/lpc_chip_43xx/src/i2s_18xx_43xx.o
                0x1a022566                Chip_I2S_Init
                0x1a02256c                Chip_I2S_DeInit
                0x1a02258a                Chip_I2S_TxConfig
                0x1a0225f2                Chip_I2S_RxConfig
                0x1a02265a                Chip_I2S_Int_TxCmd
                0x1a02267e                Chip_I2S_Int_RxCmd
                0x1a0226a2                Chip_I2S_DMA_TxCmd
                0x1a0226c8                Chip_I2S_DMA_RxCmd
 *fill*         0x1a0226ee        0x2 
 .text          0x1a0226f0      0x1a4 build/lpc_chip_43xx/src/iap_18xx_43xx.o
                0x1a022700                Chip_IAP_PreSectorForReadWrite
                0x1a022720                Chip_IAP_CopyRamToFlash
                0x1a022754                Chip_IAP_EraseSector
                0x1a022788                Chip_IAP_BlankCheckSector
                0x1a0227a8                Chip_IAP_ReadPID
                0x1a0227c2                Chip_IAP_ReadBootCode
                0x1a0227de                Chip_IAP_Compare
                0x1a0227fe                Chip_IAP_ReinvokeISP
                0x1a02281a                Chip_IAP_ReadUID
                0x1a022834                Chip_IAP_ErasePage
                0x1a022864                Chip_IAP_SetBootFlashBank
 .text          0x1a022894      0x190 build/lpc_chip_43xx/src/lcd_18xx_43xx.o
                0x1a022894                Chip_LCD_Init
                0x1a02298a                Chip_LCD_DeInit
                0x1a022990                Chip_LCD_Cursor_Config
                0x1a0229a4                Chip_LCD_Cursor_WriteImage
                0x1a0229d8                Chip_LCD_LoadPalette
 .text          0x1a022a24       0xb8 build/lpc_chip_43xx/src/otp_18xx_43xx.o
                0x1a022a24                Chip_OTP_Init
                0x1a022a60                Chip_OTP_ProgBootSrc
                0x1a022a70                Chip_OTP_ProgJTAGDis
                0x1a022a80                Chip_OTP_ProgUSBID
                0x1a022a90                Chip_OTP_ProgGPWord
                0x1a022ab4                Chip_OTP_ProgKey
                0x1a022acc                Chip_OTP_GenRand
 .text          0x1a022adc        0x0 build/lpc_chip_43xx/src/pinint_18xx_43xx.o
 .text          0x1a022adc       0x1c build/lpc_chip_43xx/src/pmc_18xx_43xx.o
                0x1a022adc                Chip_PMC_Sleep
                0x1a022ae0                Chip_PMC_Set_PwrState
 .text          0x1a022af8      0x15e build/lpc_chip_43xx/src/ring_buffer.o
                0x1a022af8                RingBuffer_Init
                0x1a022b08                RingBuffer_Insert
                0x1a022b3a                RingBuffer_InsertMult
                0x1a022bb2                RingBuffer_Pop
                0x1a022be2                RingBuffer_PopMult
 .text          0x1a022c56       0x5c build/lpc_chip_43xx/src/ritimer_18xx_43xx.o
                0x1a022c56                Chip_RIT_Init
                0x1a022c78                Chip_RIT_DeInit
                0x1a022c88                Chip_RIT_SetTimerInterval
                0x1a022caa                Chip_RIT_GetIntStatus
 *fill*         0x1a022cb2        0x2 
 .text          0x1a022cb4      0x1a8 build/lpc_chip_43xx/src/rtc_18xx_43xx.o
                0x1a022cb4                Chip_RTC_DeInit
                0x1a022cba                Chip_RTC_ResetClockTickCounter
                0x1a022cd8                Chip_RTC_Init
                0x1a022d1c                Chip_RTC_Enable
                0x1a022d2e                Chip_RTC_CntIncrIntConfig
                0x1a022d4a                Chip_RTC_AlarmIntConfig
                0x1a022d66                Chip_RTC_SetFullTime
                0x1a022d8c                Chip_RTC_GetFullTime
                0x1a022db4                Chip_RTC_SetFullAlarmTime
                0x1a022dcc                Chip_RTC_GetFullAlarmTime
                0x1a022de2                Chip_RTC_CalibCounterCmd
                0x1a022e00                Chip_RTC_EV_GetFirstTimeStamp
                0x1a022e2e                Chip_RTC_EV_GetLastTimeStamp
 .text          0x1a022e5c       0x36 build/lpc_chip_43xx/src/sct_18xx_43xx.o
                0x1a022e5c                Chip_SCT_Init
                0x1a022e68                Chip_SCT_DeInit
                0x1a022e6e                Chip_SCT_SetClrControl
                0x1a022e7c                Chip_SCT_SetConflictResolution
 .text          0x1a022e92       0x8c build/lpc_chip_43xx/src/sct_pwm_18xx_43xx.o
                0x1a022e92                Chip_SCTPWM_SetOutPin
                0x1a022ed4                Chip_SCTPWM_SetRate
 *fill*         0x1a022f1e        0x2 
 .text          0x1a022f20      0x170 build/lpc_chip_43xx/src/sdif_18xx_43xx.o
                0x1a022f20                Chip_SDIF_Init
                0x1a022f6c                Chip_SDIF_DeInit
                0x1a022f72                Chip_SDIF_SendCmd
                0x1a022fb6                Chip_SDIF_GetResponse
                0x1a022fc8                Chip_SDIF_SetClock
                0x1a023014                Chip_SDIF_SetClearIntFifo
                0x1a02302a                Chip_SDIF_DmaSetup
 .text          0x1a023090      0x5b8 build/lpc_chip_43xx/src/sdio_18xx_43xx.o
                0x1a023090                SDIO_Card_GetBlockSize
                0x1a0230a8                SDIO_Setup_Callback
                0x1a0230b4                SDIO_Send_Command
                0x1a023120                SDIO_Card_WriteData
                0x1a0231d0                SDIO_Card_ReadData
                0x1a02327c                SDIO_Write_Direct
                0x1a0232b8                SDIO_WriteRead_Direct
                0x1a0232f0                SDIO_Card_SetBlockSize
                0x1a0233a0                SDIO_Read_Direct
                0x1a0233d8                SDIO_Card_EnableInt
                0x1a023428                SDIO_Card_DisableInt
                0x1a023480                SDIO_Card_Init
                0x1a0235bc                SDIO_Handler
 .text          0x1a023648      0x710 build/lpc_chip_43xx/src/sdmmc_18xx_43xx.o
                0x1a023864                Chip_SDMMC_GetState
                0x1a023894                Chip_SDMMC_Acquire
                0x1a023c28                Chip_SDMMC_GetDeviceSize
                0x1a023c3c                Chip_SDMMC_GetDeviceBlocks
                0x1a023c4c                Chip_SDMMC_ReadBlocks
                0x1a023ccc                Chip_SDMMC_WriteBlocks
 .text          0x1a023d58      0x190 build/lpc_chip_43xx/src/spi_18xx_43xx.o
                0x1a023d80                Chip_SPI_RWFrames_Blocking
                0x1a023dfe                Chip_SPI_Int_FlushData
                0x1a023e08                Chip_SPI_Int_RWFrames
                0x1a023e74                Chip_SPI_Int_RWFrames8Bits
                0x1a023e7a                Chip_SPI_Int_RWFrames16Bits
                0x1a023e80                Chip_SPI_SetBitRate
                0x1a023ea8                Chip_SPI_Init
                0x1a023ee0                Chip_SPI_DeInit
 .text          0x1a023ee8      0x3dc build/lpc_chip_43xx/src/ssp_18xx_43xx.o
                0x1a023f2c                Chip_SSP_SetClockRate
                0x1a023f3e                Chip_SSP_RWFrames_Blocking
                0x1a023fea                Chip_SSP_WriteFrames_Blocking
                0x1a024072                Chip_SSP_ReadFrames_Blocking
                0x1a02412a                Chip_SSP_Int_FlushData
                0x1a024140                Chip_SSP_Int_RWFrames8Bits
                0x1a024190                Chip_SSP_Int_RWFrames16Bits
                0x1a0241e2                Chip_SSP_SetMaster
                0x1a0241f4                Chip_SSP_SetBitRate
                0x1a024244                Chip_SSP_Init
                0x1a024290                Chip_SSP_DeInit
 .text          0x1a0242c4       0x94 build/lpc_chip_43xx/src/stopwatch_18xx_43xx.o
                0x1a0242c4                StopWatch_Init
                0x1a024308                StopWatch_Start
                0x1a024314                StopWatch_TicksPerSecond
                0x1a024320                StopWatch_TicksToMs
                0x1a024330                StopWatch_TicksToUs
                0x1a024340                StopWatch_MsToTicks
                0x1a02434c                StopWatch_UsToTicks
 .text          0x1a024358      0x154 build/lpc_chip_43xx/src/sysinit_18xx_43xx.o
                0x1a02437c                Chip_SetupCoreClock
                0x1a024488                Chip_SetupXtalClocking
                0x1a024498                Chip_SetupIrcClocking
                0x1a0244a8                Chip_SystemInit
 .text          0x1a0244ac       0x94 build/lpc_chip_43xx/src/timer_18xx_43xx.o
                0x1a0244ac                Chip_TIMER_Init
                0x1a0244d8                Chip_TIMER_DeInit
                0x1a024504                Chip_TIMER_Reset
                0x1a02451c                Chip_TIMER_ExtMatchControlSet
 .text          0x1a024540      0x3a8 build/lpc_chip_43xx/src/uart_18xx_43xx.o
                0x1a024568                Chip_UART_Init
                0x1a0245b4                Chip_UART_DeInit
                0x1a0245d0                Chip_UART_Send
                0x1a0245ea                Chip_UART_CheckBusy
                0x1a0245f6                Chip_UART_SendBlocking
                0x1a02461a                Chip_UART_Read
                0x1a024634                Chip_UART_ReadBlocking
                0x1a024658                Chip_UART_SetBaud
                0x1a024698                Chip_UART_RXIntHandlerRB
                0x1a0246b8                Chip_UART_TXIntHandlerRB
                0x1a0246f0                Chip_UART_SendRB
                0x1a024732                Chip_UART_ReadRB
                0x1a02473c                Chip_UART_IRQRBHandler
                0x1a0247a4                Chip_UART_SetBaudFDR
                0x1a0248a4                Chip_UART_GetABEOStatus
                0x1a0248b0                Chip_UART_ABCmd
 .text          0x1a0248e8       0x32 build/lpc_chip_43xx/src/wwdt_18xx_43xx.o
                0x1a0248e8                Chip_WWDT_Init
                0x1a0248fe                Chip_WWDT_DeInit
                0x1a024900                Chip_WWDT_ClearStatusFlag
 *fill*         0x1a02491a        0x2 
 .text          0x1a02491c     0x1388 build/board_ciaa_edu_4337/src/board.o
                0x1a02491c                Board_I2C_Init
                0x1a02493c                Board_I2C_Master_Init
                0x1a02497c                Board_I2C_Master_SetSpeed
                0x1a024984                Board_I2C_Master_Read
                0x1a02499a                Board_I2C_Master_Write
                0x1a0249b0                Board_I2C_Master_WriteCmdAdnRead
                0x1a0249ca                Board_RTC_Init
                0x1a0249f8                Board_RTC_setTime
                0x1a024a2c                Board_RTC_getTime
                0x1a024a6c                Board_RTC_calibration
                0x1a024a9c                Board_RTC_writeBkpRegister
                0x1a024aac                Board_RTC_readBkpRegister
                0x1a024ac0                RTC_IRQHandler
                0x1a024aec                Board_RTC_setAlarmTime
                0x1a024b20                Board_RTC_getAlarmTime
                0x1a024b60                Board_RTC_disableAlarm
                0x1a024b70                Board_RTC_setAlarmCallback
                0x1a024b7c                Board_SSP_Init
                0x1a024b94                Board_SSP_config
                0x1a024be8                Board_SSP_writeBuffer
                0x1a024bf8                Board_SSP_readBuffer
                0x1a024c08                Board_SSP_transfer
                0x1a024c28                Board_EEPROM_writeByte
                0x1a024c64                Board_EEPROM_readByte
                0x1a024c90                Board_EEPROM_init
                0x1a024ca4                getAdcValueIndexFromNumber
                0x1a024cb6                Board_ADC_Init
                0x1a024d14                Board_ADC_EnableChannel
                0x1a024d80                Board_ADC_readValue
                0x1a024d98                Board_ADC_StartConversion
                0x1a024db8                ADC0_IRQHandler
                0x1a024e30                Board_PWM_SetFrequency
                0x1a024e54                calculatePwmIndexCounterByOutNumber
                0x1a024e58                Board_PWM_ConfigureOut
                0x1a024e90                Board_PWM_SetDutyCycle
                0x1a024eae                getTimerFomIndex
                0x1a024ec4                TIMER0_IRQHandler
                0x1a024ee0                TIMER1_IRQHandler
                0x1a024efc                TIMER2_IRQHandler
                0x1a024f18                TIMER3_IRQHandler
                0x1a024f34                Board_TIMER_Init
                0x1a024f80                Board_TIMER_DisableTimer
                0x1a024f9c                Board_TIMER_SetCallback
                0x1a024fac                Board_TIMER_getClockFrequency
                0x1a024fb0                Board_TIMER_SetTimerCounter
                0x1a024fc8                Board_TIMER_EnableTimerAsTimer
                0x1a025014                Board_TIMER_GetTimerCounter
                0x1a02502c                Board_TIMER_SetTimerPrescaler
                0x1a025044                Board_TIMER_GetTimerPrescaler
                0x1a02505c                Board_TIMER_SetTimerMatch
                0x1a025074                Board_TIMER_GetTimerMatch
                0x1a02508c                Board_UART_Init
                0x1a025138                Board_UART_Write
                0x1a025152                Board_UART_setRxBuffer
                0x1a0251b0                Board_UART_setConfig
                0x1a0251e4                Board_UART_isNewPacket
                0x1a025210                Board_UART_getRxSize
                0x1a025238                Board_UART_resetRx
                0x1a025270                Board_UART_getChar
                0x1a025280                Board_UART_charAvailable
                0x1a025288                UART3_IRQHandler
                0x1a0252dc                UART0_IRQHandler
                0x1a025330                Board_UART_tick_ms
                0x1a025374                Board_Debug_Init
                0x1a02539c                Board_UARTPutChar
                0x1a0253ac                Board_UARTGetChar
                0x1a0253c4                Board_UARTPutSTR
                0x1a0253d6                Board_LED_Set
                0x1a025400                Board_LED_Test
                0x1a025430                Board_LED_Toggle
                0x1a025448                Board_LED_PWM_tick_ms
                0x1a0254cc                Board_LED_PWM_SetValue
                0x1a0254f4                Board_LED_PWM_GetValue
                0x1a025520                GPIO0_IRQHandler
                0x1a025540                GPIO1_IRQHandler
                0x1a025560                GPIO2_IRQHandler
                0x1a025580                GPIO3_IRQHandler
                0x1a0255a0                Board_Buttons_Init
                0x1a0256a0                Board_Buttons_configureCallback
                0x1a0256b4                Buttons_GetStatusByNumber
                0x1a0256ec                Board_GPIOs_Init
                0x1a025750                GPIO4_IRQHandler
                0x1a025770                GPIO5_IRQHandler
                0x1a025790                GPIO6_IRQHandler
                0x1a0257b0                GPIO7_IRQHandler
                0x1a0257d0                Board_GPIOs_configure
                0x1a02586c                Board_GPIOs_readValue
                0x1a025890                Board_GPIOs_writeValue
                0x1a0258c4                Board_GPIOs_enableIntCallback
                0x1a0259a4                Board_GPIOs_disableIntCallback
                0x1a0259dc                DMA_IRQHandler
                0x1a025a34                Board_DAC_Init
                0x1a025aa0                Board_DAC_setSampleRate
                0x1a025ae8                Board_DAC_writeValue
                0x1a025af4                Board_DAC_writeDMA
                0x1a025b98                Board_Joystick_Init
                0x1a025b9a                Joystick_GetStatus
                0x1a025b9e                Board_ENET_GetMacADDR
                0x1a025bc4                Board_Init
                0x1a025c78                Board_SDMMC_Init
 .text          0x1a025ca4       0xa4 build/board_ciaa_edu_4337/src/board_sysinit.o
                0x1a025ca4                Board_SetupMuxing
                0x1a025ccc                Board_SetupClocking